<?xml version="1.0" encoding="utf-8"?><testsuites><testsuite name="pytest" errors="0" failures="0" skipped="0" tests="4" time="130.427" timestamp="2023-12-02T20:24:58.956145" hostname="MacBook-Pro-de-Dennise.local"><testcase classname="tests.model.test_model.TestModel" name="test_model_fit" time="41.882" /><testcase classname="tests.model.test_model.TestModel" name="test_model_predict" time="41.971" /><testcase classname="tests.model.test_model.TestModel" name="test_model_preprocess_for_serving" time="0.424" /><testcase classname="tests.model.test_model.TestModel" name="test_model_preprocess_for_training" time="42.805" /></testsuite></testsuites>